This is a Demo Text file

Microsoft Windows [Version 10.0.22621.2428]
(c) Microsoft Corporation. All rights reserved.

C:\Users\DLOKESH2>mkdir Test2

C:\Users\DLOKESH2>cd Test2

C:\Users\DLOKESH2\Test2>git init
Initialized empty Git repository in C:/Users/DLOKESH2/Test2/.git/

C:\Users\DLOKESH2\Test2>git add Demo1.txt

C:\Users\DLOKESH2\Test2>git status
On branch master

No commits yet

Changes to be committed:
  (use "git rm --cached <file>..." to unstage)
        new file:   Demo1.txt


C:\Users\DLOKESH2\Test2>git commit -m"Commiting a text file"
[master (root-commit) d41c0c2] Commiting a text file
 Committer: Lokesh <d.b.lokesh@capgemini.com>
Your name and email address were configured automatically based
on your username and hostname. Please check that they are accurate.
You can suppress this message by setting them explicitly. Run the
following command and follow the instructions in your editor to edit
your configuration file:

    git config --global --edit

After doing this, you may fix the identity used for this commit with:

    git commit --amend --reset-author

 1 file changed, 1 insertion(+)
 create mode 100644 Demo1.txt

C:\Users\DLOKESH2\Test2>git branch -M branch1

C:\Users\DLOKESH2\Test2>git push -u origin branch1
fatal: 'origin' does not appear to be a git repository
fatal: Could not read from remote repository.

Please make sure you have the correct access rights
and the repository exists.

C:\Users\DLOKESH2\Test2>git remote add origin https://github.com/Lokesh8210/Dotnet

C:\Users\DLOKESH2\Test2>git push -u origin branch1
Enumerating objects: 3, done.
Counting objects: 100% (3/3), done.
Writing objects: 100% (3/3), 243 bytes | 81.00 KiB/s, done.
Total 3 (delta 0), reused 0 (delta 0), pack-reused 0
To https://github.com/Lokesh8210/Dotnet
 * [new branch]      branch1 -> branch1
branch 'branch1' set up to track 'origin/branch1'.

C:\Users\DLOKESH2\Test2>git pull https://github.com/Lokesh8210/Dotnet.git
From https://github.com/Lokesh8210/Dotnet
 * branch            HEAD       -> FETCH_HEAD
Already up to date.

C:\Users\DLOKESH2\Test2>
